


```
//dmesg

sd 2:0:1:0: [sdj] Add. Sense: Unrecovered read error
sd 2:0:1:0: [sdj] CDB: Read(10): 28 00 03 a9 d8 88 00 00 08 00
sd 2:0:1:0: [sdj] Unhandled sense code
sd 2:0:1:0: [sdj] Result: hostbyte=DID_OK driverbyte=DRIVER_SENSE
sd 2:0:1:0: [sdj] Sense Key : Medium Error [current] [descriptor]
Descriptor sense data with sense descriptors (in hex):
        72 03 11 00 00 00 00 34 00 0a 80 00 00 00 00 00 
        03 a9 d8 8b 01 0a 00 00 00 00 00 00 81 03 22 00 
        02 06 00 00 80 00 ff 00 03 02 00 86 80 0e 00 00 
        00 00 00 00 00 00 00 00 00 00 00 00 
sd 2:0:1:0: [sdj] Add. Sense: Unrecovered read error
sd 2:0:1:0: [sdj] CDB: Read(10): 28 00 03 a9 d8 88 00 00 08 00

```

```
[root@xxxx]# smartctl  /dev/sdj -x
smartctl 5.43 2012-06-30 r3573 [x86_64-linux-2.6.32-431.el6.x86_64] (local build)
Copyright (C) 2002-12 by Bruce Allen, http://smartmontools.sourceforge.net

Vendor:               SEAGATE 
Product:              ST4000NM0023    
Revision:             0004
User Capacity:        4,000,787,030,016 bytes [4.00 TB]
Logical block size:   512 bytes
Logical Unit id:      0x5000c50083a0e3df
Serial number:        Z1Z8PKFD0000R541AH82
Device type:          disk
Transport protocol:   SAS
Local Time is:        Mon Jul 18 11:28:11 2016 CST
Device supports SMART and is Enabled
Temperature Warning Enabled
SMART Health Status: OK

Current Drive Temperature:     35 C
Drive Trip Temperature:        60 C
Manufactured in week 19 of year 2015
Specified cycle count over device lifetime:  10000
Accumulated start-stop cycles:  147
Specified load-unload count over device lifetime:  300000
Accumulated load-unload cycles:  366
Elements in grown defect list: 2623
Vendor (Seagate) cache information
  Blocks sent to initiator = 2050910337
  Blocks received from initiator = 3659040134
  Blocks read from cache and sent to initiator = 468571223
  Number of read and write commands whose size <= segment size = 4053590
  Number of read and write commands whose size > segment size = 174907
Vendor (Seagate/Hitachi) factory information
  number of hours powered up = 5279.23
  number of minutes until next internal SMART test = 59

Error counter log:
           Errors Corrected by           Total   Correction     Gigabytes    Total
               ECC          rereads/    errors   algorithm      processed    uncorrected
           fast | delayed   rewrites  corrected  invocations   [10^9 bytes]  errors
read:   1316643815       79         0  1316643894        123       5448.113          42
write:         0        0         0         0          0       4550.420           0

Non-medium error count:        1

[GLTSD (Global Logging Target Save Disable) set. Enable Save with '-S on']
No self-tests have been logged
Long (extended) Self Test duration: 32700 seconds [545.0 minutes]

Background scan results log
  Status: waiting until BMS interval timer expires
    Accumulated power on time, hours:minutes 5279:14 [316754 minutes]
    Number of background scans performed: 74,  scan progress: 0.00%
    Number of background medium scans performed: 74

   #  when        lba(hex)    [sk,asc,ascq]    reassign_status
   1 5260:53  00000000027e8616  [1,18,1]   Recovered via rewrite in-place
   2 5260:53  00000000027e9243  [1,18,1]   Recovered via rewrite in-place
   3 5260:53  00000000027e9258  [1,18,1]   Recovered via rewrite in-place
   4 5260:53  00000000027eaa7e  [3,11,0]   Require Write or Reassign Blocks command
   5 5260:54  00000000027eb68d  [1,18,1]   Recovered via rewrite in-place
   6 5260:54  00000000027eb68e  [1,17,1]   Recovered via rewrite in-place
   7 5260:54  00000000027ec2e6  [1,17,2]   Recovered via rewrite in-place
   8 5260:54  00000000027ec2ec  [1,17,2]   Recovered via rewrite in-place
   9 5260:54  00000000027edb05  [1,18,1]   Successfully reassigned
  10 5260:54  0000000002b4eee4  [1,17,1]   Recovered via rewrite in-place
  11 5260:54  0000000002b4eee5  [1,18,1]   Recovered via rewrite in-place
  12 5260:54  0000000002b4eee6  [1,18,1]   Recovered via rewrite in-place
  13 5260:54  0000000002b4faed  [1,18,1]   Recovered via rewrite in-place
  14 5260:54  0000000002b52b4e  [1,18,1]   Successfully reassigned
  15 5260:55  0000000002b52b51  [1,18,1]   Recovered via rewrite in-place
  16 5260:55  0000000002b52b4c  [1,17,1]   Recovered via rewrite in-place
  17 5260:55  0000000002b52be8  [3,11,0]   Require Write or Reassign Blocks command
  18 5260:55  0000000002b537c1  [1,17,1]   Recovered via rewrite in-place
  19 5260:55  0000000002b5438d  [1,18,1]   Recovered via rewrite in-place
  20 5260:55  0000000002b543db  [1,17,2]   Recovered via rewrite in-place
  21 5260:55  0000000002b543eb  [1,18,1]   Recovered via rewrite in-place
  22 5260:55  0000000002b543ec  [1,18,1]   Successfully reassigned
  23 5260:55  0000000002b54415  [1,18,1]   Recovered via rewrite in-place
  24 5260:55  0000000002b54447  [1,18,1]   Recovered via rewrite in-place
  25 5260:55  0000000002b57487  [1,18,1]   Recovered via rewrite in-place
  26 5260:55  0000000002b57498  [1,18,1]   Recovered via rewrite in-place
  27 5260:55  0000000002b57499  [1,17,1]   Recovered via rewrite in-place
  28 5260:55  0000000002b574c6  [1,18,1]   Recovered via rewrite in-place
  29 5260:55  0000000002b574c7  [1,17,1]   Successfully reassigned
  30 5260:55  0000000002b580ba  [1,18,1]   Successfully reassigned
  31 5260:55  0000000002b580bf  [1,17,1]   Recovered via rewrite in-place
  32 5260:55  0000000002b580c1  [1,18,1]   Recovered via rewrite in-place
  33 5260:55  0000000002b580c2  [1,18,1]   Recovered via rewrite in-place
  34 5260:55  0000000002b58087  [1,17,1]   Recovered via rewrite in-place
  35 5260:57  0000000003a97771  [1,18,1]   Recovered via rewrite in-place
  36 5260:57  0000000003a98365  [1,18,1]   Recovered via rewrite in-place
  37 5260:57  0000000003a98366  [1,18,1]   Recovered via rewrite in-place
  38 5260:58  0000000003a98f5a  [1,18,1]   Recovered via rewrite in-place
  39 5260:58  0000000003a99bce  [1,17,1]   Recovered via rewrite in-place
  40 5260:58  0000000003a9a77e  [1,18,1]   Recovered via rewrite in-place
  41 5260:58  0000000003a9a7b6  [1,17,1]   Recovered via rewrite in-place
  42 5260:58  0000000003a9a7e6  [1,18,1]   Recovered via rewrite in-place
  43 5260:58  0000000003a9a80f  [1,18,1]   Recovered via rewrite in-place
  44 5260:58  0000000003a9a819  [1,17,1]   Recovered via rewrite in-place
  45 5260:58  0000000003a9a81d  [1,17,1]   Recovered via rewrite in-place
  46 5260:58  0000000003a9a81e  [1,18,1]   Recovered via rewrite in-place
  47 5260:58  0000000003a9b41e  [1,17,1]   Successfully reassigned
  48 5260:58  0000000003a9cc57  [1,18,1]   Successfully reassigned
  49 5260:58  0000000003a9d88b  [3,11,0]   Require Write or Reassign Blocks command
  50 5261:01  0000000005574c42  [1,18,1]   Recovered via rewrite in-place
  51 5261:01  0000000005574c7c  [1,18,1]   Recovered via rewrite in-place
  52 5261:01  0000000005574c84  [1,18,1]   Recovered via rewrite in-place
  53 5261:01  0000000005574c85  [1,17,2]   Recovered via rewrite in-place
  54 5261:02  0000000005574c9f  [1,18,1]   Recovered via rewrite in-place
  55 5261:02  0000000005574c74  [1,17,1]   Recovered via rewrite in-place
  56 5261:02  0000000005575882  [1,17,2]   Recovered via rewrite in-place
  57 5261:02  00000000055764f2  [1,18,1]   Recovered via rewrite in-place
  58 5261:02  000000000557650c  [3,11,0]   Require Write or Reassign Blocks command
  59 5261:02  0000000005576540  [1,18,1]   Recovered via rewrite in-place
  60 5261:02  0000000005577145  [1,18,1]   Recovered via rewrite in-place
  61 5261:02  000000000557714f  [1,18,1]   Recovered via rewrite in-place
  62 5261:02  0000000005577cef  [3,11,0]   Require Write or Reassign Blocks command
  63 5261:02  0000000005577d3c  [1,18,1]   Recovered via rewrite in-place
  64 5261:02  000000000558584e  [1,18,1]   Recovered via rewrite in-place
  65 5261:02  00000000055888c3  [1,18,1]   Recovered via rewrite in-place
  66 5261:02  0000000005588917  [1,18,1]   Recovered via rewrite in-place
  67 5261:02  000000000558891e  [1,18,1]   Recovered via rewrite in-place
  68 5261:02  00000000055888f6  [3,11,0]   Require Write or Reassign Blocks command
  69 5261:02  00000000055888f9  [1,18,1]   Recovered via rewrite in-place
  70 5261:02  0000000005588922  [3,11,0]   Require Write or Reassign Blocks command
  71 5261:02  0000000005588923  [1,18,1]   Recovered via rewrite in-place
  72 5261:02  0000000005588927  [3,11,0]   Require Write or Reassign Blocks command
  73 5261:02  0000000005588929  [3,11,0]   Require Write or Reassign Blocks command
  74 5261:02  0000000005588939  [3,11,0]   Require Write or Reassign Blocks command
  75 5261:03  0000000005588969  [1,18,1]   Recovered via rewrite in-place
  76 5261:03  000000000558897c  [3,11,0]   Require Write or Reassign Blocks command
  77 5261:05  000000000675e8e4  [1,17,1]   Recovered via rewrite in-place
  78 5261:05  0000000006764a84  [1,18,1]   Recovered via rewrite in-place
  79 5261:05  000000000676628a  [1,18,1]   Recovered via rewrite in-place
  80 5261:05  000000000676629e  [1,18,1]   Recovered via rewrite in-place
  81 5261:05  0000000006766280  [1,18,1]   Recovered via rewrite in-place
  82 5261:05  00000000067662a1  [3,11,0]   Require Write or Reassign Blocks command
  83 5261:05  000000000676629f  [1,17,2]   Recovered via rewrite in-place
  84 5261:05  0000000006766f17  [1,18,1]   Recovered via rewrite in-place
  85 5261:05  0000000006769fba  [1,17,1]   Recovered via rewrite in-place
  86 5261:09  0000000008734297  [3,11,0]   Require Write or Reassign Blocks command
  87 5261:09  00000000087342b6  [1,18,1]   Recovered via rewrite in-place
  88 5261:09  00000000087342b9  [1,18,1]   Recovered via rewrite in-place
  89 5261:09  00000000087342be  [1,18,1]   Successfully reassigned
  90 5261:09  00000000087342c3  [1,18,1]   Recovered via rewrite in-place
  91 5261:09  00000000087342c4  [1,17,1]   Recovered via rewrite in-place
  92 5261:09  00000000087342d5  [1,17,2]   Recovered via rewrite in-place
  93 5261:09  00000000087342d6  [3,11,0]   Require Write or Reassign Blocks command
  94 5261:09  00000000087342d7  [1,18,1]   Successfully reassigned
  95 5261:09  000000000873429b  [1,18,1]   Recovered via rewrite in-place
  96 5261:09  0000000008734ef0  [1,18,1]   Recovered via rewrite in-place
  97 5261:09  0000000008738048  [1,18,1]   Recovered via rewrite in-place
  98 5261:09  000000000873804b  [1,17,2]   Successfully reassigned
  99 5261:09  000000000873a466  [1,18,1]   Recovered via rewrite in-place
 100 5261:09  000000000873a46a  [1,18,1]   Recovered via rewrite in-place
 101 5261:10  000000000873a47d  [1,18,1]   Successfully reassigned
 102 5261:10  000000000873a4b7  [1,18,1]   Recovered via rewrite in-place
 103 5261:10  000000000873b091  [1,18,1]   Recovered via rewrite in-place
 104 5261:10  000000000873b093  [1,17,2]   Successfully reassigned
 105 5261:10  000000000873c8e8  [1,17,2]   Recovered via rewrite in-place
 106 5261:10  000000000873f9b5  [1,18,1]   Recovered via rewrite in-place
 107 5261:10  000000000873f9dc  [1,18,1]   Recovered via rewrite in-place
 108 5261:10  00000000087411f8  [1,18,1]   Recovered via rewrite in-place
 109 5261:10  0000000008741226  [1,18,1]   Recovered via rewrite in-place
 110 5261:10  00000000087405a5  [1,18,1]   Recovered via rewrite in-place
 111 5261:10  00000000087411f1  [1,18,1]   Recovered via rewrite in-place
 112 5261:10  000000000873f990  [1,17,1]   Recovered via rewrite in-place
 113 5261:10  000000000874365e  [1,18,1]   Recovered via rewrite in-place
 114 5261:11  0000000008ed2c21  [1,18,1]   Successfully reassigned
 115 5261:11  0000000008ed383c  [1,17,1]   Recovered via rewrite in-place
 116 5261:11  0000000008ed383d  [1,17,1]   Recovered via rewrite in-place
 117 5261:11  0000000008ed3869  [1,18,1]   Recovered via rewrite in-place
 118 5261:11  0000000008ed386a  [1,18,1]   Recovered via rewrite in-place
 119 5261:11  0000000008ed3863  [1,18,1]   Recovered via rewrite in-place
 120 5261:11  0000000008ed506c  [1,17,2]   Recovered via rewrite in-place
 121 5261:11  0000000008ed50b4  [1,17,2]   Recovered via rewrite in-place
 122 5261:11  0000000008ed5cbc  [1,18,1]   Recovered via rewrite in-place
 123 5261:11  0000000008ed74be  [1,18,1]   Recovered via rewrite in-place
 124 5261:11  0000000008ed7504  [1,18,1]   Recovered via rewrite in-place
 125 5261:11  0000000008ed750d  [1,18,1]   Recovered via rewrite in-place
 126 5261:11  0000000008ed80b9  [3,11,0]   Require Write or Reassign Blocks command
 127 5261:11  0000000008ed80d1  [1,18,1]   Recovered via rewrite in-place
 128 5261:12  0000000008ed8161  [1,18,1]   Recovered via rewrite in-place
 129 5261:12  0000000008ed8162  [1,18,1]   Successfully reassigned
 130 5261:12  0000000008ed8163  [1,17,1]   Recovered via rewrite in-place
 131 5261:12  0000000008ed8173  [1,17,1]   Recovered via rewrite in-place
 132 5261:16  000000000ba5dd04  [1,18,1]   Recovered via rewrite in-place
 133 5261:16  000000000ba5e91f  [1,17,1]   Recovered via rewrite in-place
 134 5261:16  000000000ba5f54c  [1,18,1]   Recovered via rewrite in-place
 135 5261:22  000000000e77bd83  [1,18,1]   Recovered via rewrite in-place
 136 5261:22  000000000e77bd93  [1,17,1]   Successfully reassigned
 137 5261:22  000000000e77bd96  [1,18,1]   Recovered via rewrite in-place
 138 5261:22  000000000e77bd82  [1,18,1]   Recovered via rewrite in-place
 139 5261:22  000000000e77d62f  [1,18,1]   Successfully reassigned
 140 5261:22  000000000e77d633  [3,16,0]   Require Write or Reassign Blocks command
 141 5261:22  000000000e77d647  [1,18,1]   Recovered via rewrite in-place
 142 5261:22  000000000e77d64f  [1,18,1]   Successfully reassigned
 143 5261:22  000000000e77e232  [1,17,2]   Recovered via rewrite in-place
 144 5261:23  000000000ee75352  [1,18,1]   Successfully reassigned
 145 5261:23  000000000ee75f7c  [1,18,1]   Recovered via rewrite in-place
 146 5261:23  000000000f3ead73  [1,18,1]   Recovered via rewrite in-place
 147 5261:23  000000000f3ead91  [1,18,1]   Recovered via rewrite in-place
 148 5261:23  000000000f3ead92  [1,18,1]   Recovered via rewrite in-place
 149 5261:24  000000000f3ead95  [1,18,1]   Recovered via rewrite in-place
 150 5261:24  000000000f3ead7a  [1,17,1]   Recovered via rewrite in-place
 151 5261:24  000000000f3ead97  [3,11,0]   Require Write or Reassign Blocks command
 152 5261:24  000000000f3eb9bc  [1,18,1]   Recovered via rewrite in-place
 153 5261:24  000000000f3eba06  [3,11,0]   Require Write or Reassign Blocks command
 154 5261:24  000000000f3eba1f  [3,11,0]   Require Write or Reassign Blocks command
 155 5261:24  000000000f3ede81  [1,18,1]   Recovered via rewrite in-place
 156 5261:25  0000000010283ad1  [1,17,1]   Recovered via rewrite in-place
 157 5261:25  0000000010285313  [1,18,1]   Recovered via rewrite in-place
 158 5261:26  00000000102883bb  [1,18,1]   Recovered via rewrite in-place
 159 5261:26  0000000010288423  [1,18,1]   Recovered via rewrite in-place
 160 5261:26  000000001028901a  [3,16,0]   Require Write or Reassign Blocks command
 161 5261:26  0000000010289be0  [1,18,1]   Recovered via rewrite in-place
 162 5261:26  0000000010289bfb  [1,18,1]   Recovered via rewrite in-place
 163 5261:27  000000001130c2a8  [1,18,1]   Recovered via rewrite in-place
 164 5261:27  000000001130ceef  [1,18,1]   Recovered via rewrite in-place
 165 5261:28  000000001130cef7  [1,18,1]   Recovered via rewrite in-place
 166 5261:28  000000001130daff  [1,17,1]   Recovered via rewrite in-place
 167 5261:28  000000001130f2fb  [1,17,1]   Recovered via rewrite in-place
 168 5261:28  000000001130f31c  [1,17,2]   Recovered via rewrite in-place
 169 5261:28  000000001130f35c  [1,18,1]   Recovered via rewrite in-place
 170 5261:28  000000001130e6f8  [1,18,1]   Recovered via rewrite in-place
 171 5261:28  000000001130f339  [3,11,0]   Require Write or Reassign Blocks command
 172 5261:28  000000001130f33d  [1,17,1]   Recovered via rewrite in-place
 173 5261:28  000000001130f369  [1,18,1]   Recovered via rewrite in-place
 174 5261:28  000000001130f36d  [3,11,0]   Require Write or Reassign Blocks command
 175 5261:28  000000001130f36e  [3,11,0]   Require Write or Reassign Blocks command
 176 5261:28  000000001130f36f  [1,17,2]   Recovered via rewrite in-place
 177 5261:28  0000000011310b72  [3,11,0]   Require Write or Reassign Blocks command
 178 5261:28  0000000011312414  [1,18,1]   Successfully reassigned
 179 5261:28  0000000011313c57  [1,18,1]   Recovered via rewrite in-place
 180 5261:30  000000001245e821  [1,18,1]   Recovered via rewrite in-place
 181 5261:30  000000001245e827  [1,18,1]   Recovered via rewrite in-place
 182 5261:30  000000001245e81f  [1,18,1]   Recovered via rewrite in-place
 183 5261:30  000000001245e838  [1,17,1]   Recovered via rewrite in-place
 184 5261:30  000000001245e89c  [3,11,0]   Require Write or Reassign Blocks command
 185 5261:30  000000001245f462  [1,17,1]   Recovered via rewrite in-place
 186 5261:31  000000001267cc29  [1,17,1]   Recovered via rewrite in-place
 187 5261:31  000000001267cc65  [1,18,1]   Recovered via rewrite in-place
 188 5261:31  000000001267d88e  [1,18,8]   Successfully reassigned
 189 5261:31  00000000126839f0  [1,18,1]   Successfully reassigned
 190 5261:34  00000000146ec1c1  [1,18,1]   Recovered via rewrite in-place
 191 5261:34  00000000146eb57d  [1,18,1]   Recovered via rewrite in-place
 192 5261:34  00000000146ed9ad  [1,18,1]   Recovered via rewrite in-place
 193 5261:34  00000000146ed9ae  [1,18,1]   Recovered via rewrite in-place
 194 5261:34  00000000146eda12  [1,18,1]   Recovered via rewrite in-place
 195 5261:34  00000000146eda17  [1,17,2]   Recovered via rewrite in-place
 196 5261:34  00000000146efe93  [1,18,1]   Recovered via rewrite in-place
 197 5261:37  0000000015fc554c  [1,17,2]   Recovered via rewrite in-place
 198 5261:37  0000000015fc79cc  [1,18,1]   Recovered via rewrite in-place
 199 5261:37  0000000015fc7a03  [1,18,1]   Recovered via rewrite in-place
 200 5261:38  0000000016ae163e  [1,18,1]   Recovered via rewrite in-place
 201 5261:38  0000000016ae2e98  [1,18,1]   Recovered via rewrite in-place
 202 5261:38  0000000016ae3a64  [1,18,1]   Recovered via rewrite in-place
 203 5261:41  00000000195a08e1  [1,18,1]   Recovered via rewrite in-place
 204 5261:41  00000000195a08e5  [1,18,1]   Recovered via rewrite in-place
 205 5261:41  00000000195a08ba  [3,11,0]   Require Write or Reassign Blocks command
 206 5261:41  00000000195a08ce  [3,11,0]   Require Write or Reassign Blocks command
 207 5261:41  00000000195a08cf  [1,18,1]   Recovered via rewrite in-place
 208 5261:41  00000000195a2116  [1,18,1]   Recovered via rewrite in-place
 209 5261:41  00000000195a2121  [1,18,1]   Recovered via rewrite in-place
 210 5261:41  00000000195a2122  [1,18,1]   Recovered via rewrite in-place
 211 5261:41  00000000195a212b  [1,18,1]   Recovered via rewrite in-place
 212 5261:41  00000000195a212c  [1,17,1]   Recovered via rewrite in-place
 213 5261:41  00000000195a2141  [1,18,1]   Recovered via rewrite in-place
 214 5261:41  00000000195a2142  [1,18,1]   Recovered via rewrite in-place
 215 5261:41  00000000195a2159  [1,17,2]   Recovered via rewrite in-place
 216 5261:41  00000000195a2d47  [1,18,1]   Recovered via rewrite in-place
 217 5261:41  00000000195a2d62  [1,17,1]   Recovered via rewrite in-place
 218 5261:41  00000000195a3961  [1,18,1]   Recovered via rewrite in-place
 219 5261:42  0000000019a7ade4  [1,18,1]   Recovered via rewrite in-place
 220 5261:42  0000000019a7ae08  [1,18,8]   Recovered via rewrite in-place
 221 5261:42  0000000019a7b9bd  [1,18,1]   Recovered via rewrite in-place
 222 5261:42  0000000019a7ba37  [3,11,0]   Require Write or Reassign Blocks command
 223 5261:42  0000000019a7c648  [1,18,1]   Recovered via rewrite in-place
 224 5261:42  0000000019a7d270  [1,17,2]   Recovered via rewrite in-place
 225 5261:42  0000000019a7eaa1  [1,18,1]   Successfully reassigned
 226 5261:42  0000000019a7de97  [1,18,1]   Recovered via rewrite in-place
 227 5261:42  0000000019a7eaf5  [1,18,1]   Recovered via rewrite in-place
 228 5261:42  0000000019a7f714  [1,18,8]   Recovered via rewrite in-place
 229 5261:42  0000000019a802ee  [1,18,8]   Recovered via rewrite in-place
 230 5261:45  000000001c97d665  [1,17,1]   Recovered via rewrite in-place
 231 5261:45  000000001c97ee8d  [3,11,0]   Require Write or Reassign Blocks command
 232 5261:45  000000001c97ee96  [1,18,1]   Recovered via rewrite in-place
 233 5261:45  000000001c97eec1  [1,18,1]   Recovered via rewrite in-place
 234 5261:53  0000000022865e34  [1,17,1]   Recovered via rewrite in-place
 235 5261:53  000000002286d664  [1,18,1]   Recovered via rewrite in-place
 236 5261:53  000000002286e2bc  [1,18,1]   Recovered via rewrite in-place
 237 5261:54  00000000228706a5  [1,18,1]   Recovered via rewrite in-place
 238 5261:54  000000002287071c  [1,18,1]   Recovered via rewrite in-place
 239 5261:54  000000002287072f  [1,18,1]   Recovered via rewrite in-place
 240 5264:12  0000000003a9d88f  [1,18,1]   Recovered via rewrite in-place
 241 5258:41  0000000000279e12  [3,11,0]   Successfully reassigned
 242 5258:41  0000000000279e38  [3,11,0]   Successfully reassigned
 243 5258:41  000000000027853c  [3,11,0]   Require Write or Reassign Blocks command
 244 5258:41  000000000027854a  [3,11,0]   Require Write or Reassign Blocks command
 245 5258:41  000000000027917b  [1,18,1]   Recovered via rewrite in-place
 246 5258:41  000000000027aaad  [3,11,0]   Successfully reassigned
 247 5258:41  000000000027aab4  [1,18,1]   Reassigned by app, has valid data
 248 5258:41  000000000027aada  [3,11,0]   Successfully reassigned
 249 5258:41  000000000027aae0  [3,11,0]   Successfully reassigned
 250 5258:41  000000000027aae1  [3,11,0]   Successfully reassigned
 251 5258:41  000000000027aae9  [3,11,0]   Successfully reassigned
 252 5258:41  000000000027aaeb  [3,11,0]   Successfully reassigned
 253 5258:41  000000000027ab1c  [3,11,0]   Successfully reassigned
 254 5258:41  000000000027ab26  [3,11,0]   Successfully reassigned
 255 5258:41  000000000027ab37  [3,11,0]   Successfully reassigned
 256 5258:41  000000000027917f  [1,18,1]   Recovered via rewrite in-place
 257 5258:41  0000000000279199  [3,16,0]   Successfully reassigned
 258 5258:42  0000000000279deb  [3,16,0]   Successfully reassigned
 259 5258:42  0000000000279e51  [3,11,0]   Require Write or Reassign Blocks command
 260 5258:42  00000000002784ce  [3,11,0]   Successfully reassigned
 261 5258:42  00000000002784e2  [1,17,1]   Reassigned by app, has valid data
 262 5258:42  000000000027aa98  [1,18,1]   Recovered via rewrite in-place
 263 5258:42  000000000027aaea  [3,11,0]   Successfully reassigned
 264 5258:42  000000000027ab36  [3,16,0]   Successfully reassigned
 265 5258:42  000000000027ac48  [1,17,1]   Recovered via rewrite in-place
 266 5258:42  000000000027b6d2  [3,11,0]   Successfully reassigned
 267 5258:42  000000000027b79e  [3,11,0]   Successfully reassigned
 268 5258:42  000000000027b7a0  [3,11,0]   Successfully reassigned
 269 5258:42  000000000027c394  [1,17,2]   Recovered via rewrite in-place
 270 5258:42  00000000002778fc  [1,18,1]   Recovered via rewrite in-place
 271 5258:42  0000000000276bbf  [3,11,0]   Successfully reassigned
 272 5258:42  0000000000276bc0  [3,11,0]   Successfully reassigned
 273 5258:42  0000000000276bc1  [3,11,0]   Successfully reassigned
 274 5258:42  0000000000276c64  [1,18,1]   Recovered via rewrite in-place
 275 5258:43  0000000000276c83  [3,11,0]   Successfully reassigned
 276 5258:43  0000000000275f60  [1,17,2]   Recovered via rewrite in-place
 277 5258:43  0000000000275f6a  [3,16,0]   Successfully reassigned
 278 5258:43  0000000000275fa5  [3,11,0]   Successfully reassigned
 279 5258:43  0000000000275fa6  [3,11,0]   Successfully reassigned
 280 5258:43  0000000000275fad  [3,16,0]   Successfully reassigned
 281 5258:43  0000000000276012  [3,11,0]   Successfully reassigned
 282 5258:43  00000000001cea9f  [1,18,1]   Recovered via rewrite in-place
 283 5258:43  00000000001ceaf3  [3,11,0]   Successfully reassigned
 284 5258:43  00000000001ceaf4  [3,11,0]   Successfully reassigned
 285 5258:43  00000000001ceaf5  [3,11,0]   Successfully reassigned
 286 5258:43  00000000001ceaf6  [3,11,0]   Successfully reassigned
 287 5258:43  00000000001ceaf7  [3,11,0]   Successfully reassigned
 288 5258:43  00000000001ceb10  [3,11,0]   Successfully reassigned
 289 5258:43  00000000001ceb11  [3,11,0]   Successfully reassigned
 290 5258:43  00000000001ceb1b  [3,11,0]   Successfully reassigned
 291 5258:43  00000000001cecb3  [3,11,0]   Successfully reassigned
 292 5258:43  00000000001cde36  [3,11,0]   Successfully reassigned
 293 5258:43  00000000001cde56  [1,17,1]   Recovered via rewrite in-place
 294 5258:43  00000000001cde57  [3,11,0]   Successfully reassigned
 295 5258:43  00000000001cdeaa  [3,11,0]   Successfully reassigned
 296 5258:43  0000000000273a1a  [3,11,0]   Require Write or Reassign Blocks command
 297 5258:43  0000000000273a1b  [1,18,1]   Reassigned by app, has valid data
 298 5258:43  0000000000273aad  [3,11,0]   Successfully reassigned
 299 5258:44  00000000001ceab1  [1,17,1]   Recovered via rewrite in-place
 300 5258:44  00000000001cead3  [3,11,0]   Successfully reassigned
 301 5258:44  00000000001cead4  [3,11,0]   Successfully reassigned
 302 5258:44  00000000001cead5  [3,16,0]   Successfully reassigned
 303 5258:44  00000000001ceadc  [3,11,0]   Successfully reassigned
 304 5258:44  00000000001cecb2  [3,11,0]   Require Write or Reassign Blocks command
 305 5258:44  00000000001ceb0d  [3,11,0]   Successfully reassigned
 306 5258:44  00000000001ceb0e  [3,11,0]   Successfully reassigned
 307 5258:44  00000000001ceb0f  [3,11,0]   Require Write or Reassign Blocks command
 308 5258:44  00000000001cec6f  [3,11,0]   Successfully reassigned
 309 5258:44  00000000001cec70  [3,11,0]   Successfully reassigned
 310 5258:44  00000000001cde94  [3,11,0]   Successfully reassigned
 311 5258:44  00000000001cde97  [3,16,0]   Successfully reassigned
 312 5258:44  00000000001cdea7  [1,18,1]   Recovered via rewrite in-place
 313 5258:44  00000000001cdea9  [3,11,0]   Successfully reassigned
 314 5258:44  00000000001cdec4  [3,11,0]   Require Write or Reassign Blocks command
 315 5258:44  00000000002739f2  [3,11,0]   Successfully reassigned
 316 5258:44  00000000002739f3  [3,11,0]   Successfully reassigned
 317 5258:44  00000000002739f4  [3,11,0]   Successfully reassigned
 318 5258:44  00000000002739f5  [3,11,0]   Successfully reassigned
 319 5258:44  00000000002739f6  [3,11,0]   Successfully reassigned
 320 5258:44  0000000000273a1b  [3,11,0]   Successfully reassigned
 321 5258:44  0000000000273a73  [3,11,0]   Require Write or Reassign Blocks command
 322 5258:44  0000000000273a6a  [3,11,0]   Successfully reassigned
 323 5258:44  0000000000273aac  [1,18,1]   Reassigned by app, has valid data
 324 5258:44  0000000000273acc  [3,16,0]   Successfully reassigned
 325 5258:44  00000000001ceac9  [3,11,0]   Successfully reassigned
 326 5258:44  00000000001cead9  [3,11,0]   Require Write or Reassign Blocks command
 327 5258:44  00000000001ceada  [1,18,1]   Reassigned by app, has valid data
 328 5258:44  00000000001ceaef  [3,11,0]   Successfully reassigned
 329 5258:44  00000000001ceb0a  [3,11,0]   Successfully reassigned
 330 5258:45  00000000001ceb4b  [3,11,0]   Successfully reassigned
 331 5258:45  00000000001ceb4f  [3,11,0]   Successfully reassigned
 332 5258:45  00000000001cde5a  [1,18,1]   Recovered via rewrite in-place
 333 5258:45  00000000001cde80  [3,11,0]   Successfully reassigned
 334 5258:45  00000000001cde81  [3,11,0]   Successfully reassigned
 335 5258:45  00000000001cde82  [3,11,0]   Successfully reassigned
 336 5258:45  00000000001cde9b  [3,11,0]   Successfully reassigned
 337 5258:45  00000000001cdec3  [3,11,0]   Require Write or Reassign Blocks command
 338 5258:45  00000000002739ee  [1,18,1]   Recovered via rewrite in-place
 339 5258:45  00000000002739f0  [3,11,0]   Successfully reassigned
 340 5258:45  0000000000273a95  [3,16,0]   Successfully reassigned
 341 5258:45  0000000000273aa3  [3,11,0]   Successfully reassigned
 342 5258:45  0000000000273aac  [3,11,0]   Successfully reassigned
 343 5258:45  0000000000273aae  [3,11,0]   Successfully reassigned
 344 5258:45  00000000001ceab2  [1,18,1]   Recovered via rewrite in-place
 345 5258:45  00000000001ceb1d  [3,16,0]   Successfully reassigned
 346 5258:45  000000000027466c  [3,11,0]   Successfully reassigned
 347 5258:45  000000000027466d  [3,11,0]   Successfully reassigned
 348 5258:45  000000000027466e  [3,11,0]   Successfully reassigned
 349 5258:45  000000000027466f  [3,11,0]   Successfully reassigned
 350 5258:45  0000000000274673  [3,11,0]   Successfully reassigned
 351 5258:45  00000000002746a5  [1,17,1]   Recovered via rewrite in-place
 352 5258:45  00000000002746b8  [3,11,0]   Successfully reassigned
 353 5258:45  000000000027d05a  [1,17,2]   Recovered via rewrite in-place
 354 5258:45  000000000027dc35  [1,18,1]   Recovered via rewrite in-place
 355 5258:46  000000000027dc63  [3,16,0]   Successfully reassigned
 356 5258:46  000000000027dc68  [3,16,0]   Successfully reassigned
 357 5258:46  000000000027dc6c  [3,11,0]   Successfully reassigned
 358 5258:46  000000000027dc6d  [3,11,0]   Successfully reassigned
 359 5258:46  000000000027dc7c  [3,11,0]   Successfully reassigned
 360 5258:46  000000000027dcf7  [3,11,0]   Successfully reassigned
 361 5258:46  000000000027dcf8  [3,11,0]   Successfully reassigned
 362 5258:46  000000000027de0f  [3,11,0]   Successfully reassigned
 363 5258:46  000000000027cfab  [3,11,0]   Successfully reassigned
 364 5258:46  000000000027cfd6  [3,11,0]   Successfully reassigned
 365 5258:46  000000000027d095  [1,18,1]   Recovered via rewrite in-place
 366 5258:46  000000000027e8bf  [1,18,1]   Reassigned by app, has valid data
 367 5258:46  000000000027e8d3  [3,11,0]   Successfully reassigned
 368 5258:46  000000000027e8d5  [3,11,0]   Successfully reassigned
 369 5258:46  000000000027e8d6  [3,11,0]   Successfully reassigned
 370 5258:46  000000000027e8fb  [3,11,0]   Require Write or Reassign Blocks command
 371 5258:46  000000000027e8fc  [3,11,0]   Successfully reassigned
 372 5258:46  000000000027e907  [3,16,0]   Successfully reassigned
 373 5258:46  000000000027e908  [3,11,0]   Successfully reassigned
 374 5258:46  000000000027e917  [3,11,0]   Successfully reassigned
 375 5258:46  000000000027e924  [3,11,0]   Successfully reassigned
 376 5258:46  000000000027e926  [3,11,0]   Require Write or Reassign Blocks command
 377 5258:46  000000000027e94d  [3,11,0]   Require Write or Reassign Blocks command
 378 5258:46  000000000027e94e  [3,11,0]   Require Write or Reassign Blocks command
 379 5258:46  000000000027e950  [3,11,0]   Successfully reassigned
 380 5258:46  000000000027f53f  [1,18,1]   Reassigned by app, has valid data
 381 5258:47  000000000027f58a  [3,11,0]   Require Write or Reassign Blocks command
 382 5258:47  000000000027f5b3  [3,11,0]   Successfully reassigned
 383 5258:47  00000000002784db  [1,18,1]   Recovered via rewrite in-place
 384 5258:47  000000000027917f  [1,17,2]   Recovered via rewrite in-place
 385 5258:47  0000000000279197  [3,11,0]   Require Write or Reassign Blocks command
 386 5258:47  0000000000279198  [3,11,0]   Require Write or Reassign Blocks command
 387 5258:47  0000000000279e0f  [3,11,0]   Successfully reassigned
 388 5258:47  0000000000279e10  [3,11,0]   Successfully reassigned
 389 5258:47  0000000000279e21  [3,11,0]   Successfully reassigned
 390 5258:47  0000000000279e2b  [3,11,0]   Require Write or Reassign Blocks command
 391 5258:47  0000000000279e3b  [3,11,0]   Successfully reassigned
 392 5258:48  00000000002752da  [3,11,0]   Successfully reassigned
 393 5258:48  00000000002752dd  [3,11,0]   Successfully reassigned
 394 5258:48  000000000027537a  [1,18,1]   Recovered via rewrite in-place
 395 5258:48  000000000027534c  [3,11,0]   Successfully reassigned
 396 5258:48  0000000000275368  [3,11,0]   Successfully reassigned
 397 5258:48  0000000000275369  [3,11,0]   Successfully reassigned
 398 5258:48  000000000027549a  [3,11,0]   Require Write or Reassign Blocks command
 399 5258:48  0000000000275387  [3,11,0]   Require Write or Reassign Blocks command
 400 5258:48  00000000002754d7  [3,11,0]   Successfully reassigned
 401 5258:48  00000000002754de  [3,11,0]   Successfully reassigned
 402 5258:48  00000000002801b0  [1,18,1]   Recovered via rewrite in-place
 403 5258:48  00000000002801e4  [3,11,0]   Successfully reassigned
 404 5258:48  00000000002801ef  [3,11,0]   Successfully reassigned
 405 5258:48  00000000002801f0  [3,11,0]   Successfully reassigned
 406 5258:48  000000000027f573  [1,18,1]   Recovered via rewrite in-place
 407 5258:49  000000000027f5b4  [3,11,0]   Successfully reassigned
 408 5258:49  000000000027e8be  [1,18,1]   Recovered via rewrite in-place
 409 5258:49  000000000027e8bf  [3,11,0]   Successfully reassigned
 410 5258:49  000000000027e8d4  [3,11,0]   Successfully reassigned
 411 5258:49  000000000027e8ec  [3,11,0]   Successfully reassigned
 412 5258:49  000000000027e8f9  [3,11,0]   Successfully reassigned
 413 5258:49  000000000027e8fa  [3,11,0]   Successfully reassigned
 414 5258:49  000000000027e94f  [3,16,0]   Successfully reassigned
 415 5258:49  000000000027dc5d  [3,16,0]   Successfully reassigned
 416 5258:49  000000000027dc5e  [3,11,0]   Successfully reassigned
 417 5258:49  000000000027dc7a  [1,17,1]   Reassigned by app, has valid data
 418 5258:49  000000000027dcda  [3,11,0]   Require Write or Reassign Blocks command
 419 5258:49  000000000027f52b  [3,11,0]   Successfully reassigned
 420 5258:49  000000000027f53f  [3,11,0]   Successfully reassigned
 421 5258:49  000000000027f546  [3,11,0]   Successfully reassigned
 422 5258:49  000000000027f56d  [1,17,1]   Recovered via rewrite in-place
 423 5258:49  000000000027f55a  [3,11,0]   Successfully reassigned
 424 5258:49  000000000027f55b  [3,11,0]   Successfully reassigned
 425 5258:49  000000000027f55c  [3,11,0]   Require Write or Reassign Blocks command
 426 5258:49  000000000027f58d  [3,11,0]   Successfully reassigned
 427 5258:49  00000000002801e3  [1,18,1]   Recovered via rewrite in-place
 428 5258:49  00000000002801ea  [3,11,0]   Successfully reassigned
 429 5258:49  00000000002801eb  [3,11,0]   Successfully reassigned
 430 5258:49  00000000002801ee  [3,11,0]   Successfully reassigned
 431 5258:49  000000000027f521  [1,17,2]   Recovered via rewrite in-place
 432 5258:49  000000000027f571  [3,11,0]   Successfully reassigned
 433 5258:49  000000000027f582  [3,11,0]   Successfully reassigned
 434 5258:49  0000000000280e45  [3,11,0]   Require Write or Reassign Blocks command
 435 5258:49  0000000000280e4a  [1,18,1]   Recovered via rewrite in-place
 436 5258:49  0000000000280e58  [3,11,0]   Successfully reassigned
 437 5258:50  0000000000280e72  [3,11,0]   Successfully reassigned
 438 5258:50  0000000000280e73  [3,11,0]   Successfully reassigned
 439 5258:50  0000000000280e98  [3,11,0]   Recovered via rewrite in-place
 440 5258:50  0000000000280e9a  [3,11,0]   Successfully reassigned
 441 5258:50  0000000000280e9b  [3,11,0]   Recovered via rewrite in-place
 442 5258:50  0000000000280e9d  [3,11,0]   Recovered via rewrite in-place
 443 5258:50  0000000000280e9e  [3,11,0]   Reassigned by app, has valid data
 444 5258:50  00000000002801e6  [1,17,1]   Recovered via rewrite in-place
 445 5258:50  00000000002801e7  [3,11,0]   Successfully reassigned
 446 5258:50  00000000002801e8  [3,11,0]   Successfully reassigned
 447 5258:50  00000000002801f1  [3,11,0]   Successfully reassigned
 448 5258:50  0000000000280201  [3,11,0]   Successfully reassigned
 449 5258:50  0000000000280202  [3,11,0]   Successfully reassigned
 450 5258:50  0000000000281aea  [3,11,0]   Recovered via rewrite in-place
 451 5258:50  0000000000281b02  [1,18,1]   Recovered via rewrite in-place
 452 5258:50  000000000027b82c  [3,16,0]   Successfully reassigned
 453 5258:50  000000000027c3ec  [3,11,0]   Successfully reassigned
 454 5258:50  000000000027abd2  [3,11,0]   Successfully reassigned
 455 5258:50  000000000027b74f  [3,11,0]   Require Write or Reassign Blocks command
 456 5258:50  000000000027b701  [3,11,0]   Successfully reassigned
 457 5258:50  000000000027b701  [1,17,1]   Recovered via rewrite in-place
 458 5258:51  0000000000279f4d  [3,11,0]   Successfully reassigned
 459 5258:51  000000000027aaae  [1,18,1]   Reassigned by app, has valid data
 460 5258:51  0000000000279fbe  [3,11,0]   Require Write or Reassign Blocks command
 461 5258:51  000000000027aa89  [3,11,0]   Require Write or Reassign Blocks command
 462 5258:51  000000000027aaae  [3,11,0]   Successfully reassigned
 463 5258:51  000000000027aab3  [3,11,0]   Successfully reassigned
 464 5258:51  000000000027aab4  [3,11,0]   Successfully reassigned
 465 5258:51  000000000027aab5  [3,11,0]   Successfully reassigned
 466 5258:51  000000000027aaca  [3,11,0]   Successfully reassigned
 467 5258:51  000000000027aacb  [3,11,0]   Successfully reassigned
 468 5258:51  000000000027aae2  [3,11,0]   Successfully reassigned
 469 5258:51  000000000027aae6  [3,11,0]   Successfully reassigned
 470 5258:51  0000000000279194  [3,11,0]   Successfully reassigned
 471 5258:51  0000000000279195  [3,11,0]   Successfully reassigned
 472 5258:51  0000000000279196  [3,11,0]   Successfully reassigned
 473 5258:51  000000000027919a  [3,16,0]   Successfully reassigned
 474 5258:51  0000000000279e11  [3,11,0]   Successfully reassigned
 475 5258:51  0000000000279e13  [3,11,0]   Successfully reassigned
 476 5258:51  0000000000279e2a  [3,11,0]   Successfully reassigned
 477 5258:51  0000000000279e55  [3,11,0]   Successfully reassigned
 478 5258:51  0000000000279e56  [3,11,0]   Successfully reassigned
 479 5258:51  000000000027b6e5  [1,18,1]   Recovered via rewrite in-place
 480 5258:51  000000000027b70f  [3,11,0]   Successfully reassigned
 481 5258:51  000000000027b711  [3,11,0]   Successfully reassigned
 482 5258:51  000000000027b735  [3,11,0]   Successfully reassigned
 483 5258:51  000000000027b74b  [3,11,0]   Successfully reassigned
 484 5258:51  000000000027b74c  [3,11,0]   Successfully reassigned
 485 5258:51  000000000027b74d  [3,11,0]   Successfully reassigned
 486 5258:51  000000000027b74e  [3,16,0]   Successfully reassigned
 487 5258:51  000000000027b758  [3,11,0]   Successfully reassigned
 488 5258:51  000000000027b781  [3,11,0]   Require Write or Reassign Blocks command
 489 5258:51  000000000027b7a2  [3,11,0]   Successfully reassigned
 490 5258:51  000000000027c332  [1,18,1]   Recovered via rewrite in-place
 491 5258:51  000000000027c397  [3,11,0]   Successfully reassigned
 492 5258:52  000000000027b720  [3,11,0]   Successfully reassigned
 493 5258:52  000000000027b721  [3,11,0]   Successfully reassigned
 494 5258:52  000000000027b799  [1,18,1]   Reassigned by app, has valid data
 495 5258:52  000000000027b75d  [3,11,0]   Successfully reassigned
 496 5258:52  000000000027b75e  [3,11,0]   Successfully reassigned
 497 5258:52  000000000027b75f  [3,11,0]   Successfully reassigned
 498 5258:52  000000000027b778  [3,11,0]   Successfully reassigned
 499 5258:52  000000000027b799  [3,11,0]   Successfully reassigned
 500 5258:52  000000000027b79a  [3,11,0]   Successfully reassigned
 501 5258:52  000000000027c52e  [1,18,1]   Recovered via rewrite in-place
 502 5258:52  000000000027d05c  [3,11,0]   Require Write or Reassign Blocks command
 503 5258:52  000000000028272f  [1,17,1]   Reassigned by app, has valid data
 504 5258:52  0000000000276c64  [3,11,0]   Require Write or Reassign Blocks command
 505 5258:52  0000000000276c66  [1,17,2]   Reassigned by app, has valid data
 506 5258:52  0000000000275f43  [1,18,1]   Recovered via rewrite in-place
 507 5258:52  0000000000275fe8  [3,11,0]   Successfully reassigned
 508 5258:52  0000000000275fe9  [3,11,0]   Successfully reassigned
 509 5258:52  0000000000276014  [3,11,0]   Successfully reassigned
 510 5258:52  0000000000275361  [3,11,0]   Successfully reassigned
 511 5258:52  0000000000275371  [3,16,0]   Successfully reassigned
 512 5258:52  000000000027537a  [1,17,1]   Recovered via rewrite in-place
 513 5258:52  00000000002753a0  [3,11,0]   Successfully reassigned
 514 5258:52  0000000000276ba9  [3,11,0]   Successfully reassigned
 515 5258:52  0000000000276c70  [1,17,1]   Recovered via rewrite in-place
 516 5258:53  000000000027782b  [3,16,0]   Successfully reassigned
 517 5258:53  000000000027783b  [3,11,0]   Successfully reassigned
 518 5258:53  000000000027783f  [3,11,0]   Successfully reassigned
 519 5258:53  00000000002778d8  [1,17,1]   Recovered via rewrite in-place
 520 5258:53  00000000002833eb  [1,18,1]   Recovered via rewrite in-place
 521 5258:53  00000000002784df  [3,11,0]   Successfully reassigned
 522 5258:53  00000000002784e0  [3,11,0]   Successfully reassigned
 523 5258:53  00000000002784e1  [3,11,0]   Successfully reassigned
 524 5258:53  00000000002784e2  [3,11,0]   Successfully reassigned
 525 5258:53  00000000002784fb  [1,18,1]   Recovered via rewrite in-place
 526 5258:53  00000000002784fb  [3,11,0]   Require Write or Reassign Blocks command
 527 5258:53  000000000027853b  [3,11,0]   Successfully reassigned
 528 5258:53  00000000002746e2  [3,11,0]   Successfully reassigned
 529 5258:53  0000000000273a06  [3,11,0]   Successfully reassigned
 530 5258:53  0000000000273a6c  [1,17,2]   Recovered via rewrite in-place
 531 5258:53  0000000000273a25  [3,11,0]   Successfully reassigned
 532 5258:53  0000000000273a26  [3,11,0]   Successfully reassigned
 533 5258:53  0000000000273a27  [3,16,0]   Successfully reassigned
 534 5258:53  0000000000273a28  [3,11,0]   Successfully reassigned
 535 5258:53  00000000001cd217  [1,17,2]   Recovered via rewrite in-place
 536 5258:53  00000000001cd253  [3,11,0]   Successfully reassigned
 537 5258:53  00000000001cd256  [3,16,0]   Successfully reassigned
 538 5258:53  00000000001cd257  [3,11,0]   Successfully reassigned
 539 5258:53  00000000001cd258  [3,11,0]   Successfully reassigned
 540 5258:53  00000000001cd259  [3,11,0]   Successfully reassigned
 541 5258:53  00000000001ceac6  [1,17,1]   Reassigned by app, has valid data
 542 5258:54  00000000001ceac7  [3,11,0]   Successfully reassigned
 543 5258:54  00000000001ceac8  [3,11,0]   Successfully reassigned
 544 5258:54  00000000001ceb3d  [3,11,0]   Require Write or Reassign Blocks command
 545 5258:54  00000000001ceb08  [3,11,0]   Successfully reassigned
 546 5258:54  00000000001ceb24  [3,11,0]   Require Write or Reassign Blocks command
 547 5258:54  00000000001cecb1  [3,11,0]   Successfully reassigned
 548 5258:54  00000000001cde6b  [3,11,0]   Successfully reassigned
 549 5258:54  00000000001cde93  [1,18,1]   Recovered via rewrite in-place
 550 5258:54  00000000001cde95  [3,11,0]   Successfully reassigned
 551 5258:54  00000000001cde96  [3,11,0]   Successfully reassigned
 552 5258:54  00000000001ce032  [3,16,0]   Successfully reassigned
 553 5258:54  00000000001cd240  [3,11,0]   Successfully reassigned
 554 5258:54  00000000001cd248  [3,11,0]   Successfully reassigned
 555 5258:54  00000000001cd27e  [1,18,1]   Recovered via rewrite in-place
 556 5258:54  00000000001cea88  [1,17,1]   Recovered via rewrite in-place
 557 5258:54  00000000001ceac6  [3,16,0]   Successfully reassigned
 558 5258:54  00000000001cead1  [3,11,0]   Successfully reassigned
 559 5258:54  00000000001cead8  [3,11,0]   Successfully reassigned
 560 5258:54  00000000001ceada  [3,16,0]   Successfully reassigned
 561 5258:54  00000000001ceb34  [3,11,0]   Require Write or Reassign Blocks command
 562 5258:54  00000000001ceb09  [3,11,0]   Successfully reassigned
 563 5258:54  00000000001ceb0b  [3,11,0]   Successfully reassigned
 564 5258:54  00000000001ceb3b  [3,11,0]   Successfully reassigned
 565 5258:54  00000000001ceb3c  [3,11,0]   Successfully reassigned
 566 5258:55  00000000001cc56b  [1,17,2]   Reassigned by app, has valid data
 567 5258:55  00000000001cc56e  [3,11,0]   Successfully reassigned
 568 5258:55  00000000001cc571  [3,11,0]   Successfully reassigned
 569 5258:55  00000000001cc572  [3,11,0]   Successfully reassigned
 570 5258:55  00000000001cc574  [3,11,0]   Successfully reassigned
 571 5258:55  00000000001cc579  [3,11,0]   Successfully reassigned
 572 5258:55  00000000001cc5d6  [3,11,0]   Require Write or Reassign Blocks command
 573 5258:55  00000000001cadc2  [1,18,1]   Recovered via rewrite in-place
 574 5258:55  00000000001cadf3  [3,11,0]   Require Write or Reassign Blocks command
 575 5258:55  00000000001cb8fc  [3,11,0]   Successfully reassigned
 576 5258:55  00000000001cb96b  [3,11,0]   Successfully reassigned
 577 5258:55  00000000001cac67  [1,18,1]   Recovered via rewrite in-place
 578 5258:55  00000000001cba45  [3,11,0]   Successfully reassigned
 579 5258:55  00000000001cc59a  [1,17,1]   Recovered via rewrite in-place
 580 5258:55  00000000001cd230  [3,16,0]   Successfully reassigned
 581 5258:55  00000000001cd247  [1,18,1]   Recovered via rewrite in-place
 582 5258:55  00000000001ca01d  [1,18,1]   Recovered via rewrite in-place
 583 5258:55  00000000001c86d1  [3,11,0]   Successfully reassigned
 584 5258:56  00000000001c86f0  [1,17,2]   Recovered via rewrite in-place
 585 5258:56  00000000001c7a5c  [1,18,1]   Recovered via rewrite in-place
 586 5258:56  00000000001c7a82  [3,11,0]   Successfully reassigned
 587 5258:56  00000000001c6e5e  [3,11,0]   Successfully reassigned
 588 5259:41  00000000000649e7  [1,17,2]   Successfully reassigned
 589 5259:41  00000000000649fc  [1,17,1]   Successfully reassigned
 590 5259:41  0000000000064a13  [1,18,1]   Successfully reassigned
 591 5259:41  0000000000065603  [1,17,1]   Recovered via rewrite in-place
 592 5259:41  0000000000065607  [1,18,1]   Successfully reassigned
 593 5259:41  0000000000065631  [1,17,2]   Recovered via rewrite in-place
 594 5259:41  0000000000065649  [3,16,0]   Successfully reassigned
 595 5259:41  000000000006567a  [1,18,1]   Recovered via rewrite in-place
 596 5259:41  00000000000649fe  [3,11,0]   Successfully reassigned
 597 5259:41  00000000000649fe  [1,18,1]   Recovered via rewrite in-place
 598 5259:41  0000000000063d9f  [3,16,0]   Successfully reassigned
 599 5259:41  0000000000063da3  [3,11,0]   Successfully reassigned
 600 5259:41  0000000000065644  [1,18,1]   Reassigned by app, has valid data
 601 5259:41  0000000000065648  [3,11,0]   Require Write or Reassign Blocks command
 602 5259:41  000000000006624f  [1,17,1]   Successfully reassigned
 603 5259:41  0000000000066282  [3,11,0]   Successfully reassigned
 604 5259:41  00000000000662c9  [1,17,1]   Recovered via rewrite in-place
 605 5259:41  00000000000662a7  [3,11,0]   Require Write or Reassign Blocks command
 606 5259:41  00000000000662b5  [3,11,0]   Successfully reassigned
 607 5259:41  00000000000662b6  [3,11,0]   Require Write or Reassign Blocks command
 608 5259:41  00000000000662b7  [3,11,0]   Successfully reassigned
 609 5259:42  00000000000662b8  [3,11,0]   Require Write or Reassign Blocks command
 610 5259:42  0000000000066281  [1,18,1]   Reassigned by app, has valid data
 611 5259:42  00000000000662c2  [3,11,0]   Require Write or Reassign Blocks command
 612 5259:42  00000000000662c3  [3,11,0]   Successfully reassigned
 613 5259:42  00000000000662ce  [3,11,0]   Successfully reassigned
 614 5259:42  000000000006563a  [3,16,0]   Successfully reassigned
 615 5259:42  000000000006563e  [3,11,0]   Successfully reassigned
 616 5259:42  0000000000065651  [3,11,0]   Successfully reassigned
 617 5259:42  0000000000065651  [1,18,1]   Recovered via rewrite in-place
 618 5259:42  0000000000066298  [1,18,1]   Successfully reassigned
 619 5259:42  0000000000066f23  [3,11,0]   Require Write or Reassign Blocks command
 620 5259:42  0000000000066f38  [3,11,0]   Require Write or Reassign Blocks command
 621 5259:42  0000000000066f3d  [1,17,1]   Recovered via rewrite in-place
 622 5259:42  00000000000662a5  [1,18,1]   Recovered via rewrite in-place
 623 5259:42  00000000000662b0  [3,11,0]   Successfully reassigned
 624 5259:42  00000000000662b1  [3,11,0]   Successfully reassigned
 625 5259:42  00000000000662b2  [3,11,0]   Successfully reassigned
 626 5259:42  00000000000662b3  [3,11,0]   Successfully reassigned
 627 5259:42  00000000000662b4  [3,11,0]   Successfully reassigned
 628 5259:42  00000000000662a6  [1,17,1]   Successfully reassigned
 629 5259:42  00000000000662e9  [1,18,1]   Recovered via rewrite in-place
 630 5259:42  0000000000065639  [3,11,0]   Successfully reassigned
 631 5259:42  000000000006563b  [3,16,0]   Successfully reassigned
 632 5259:42  000000000006563b  [1,17,1]   Recovered via rewrite in-place
 633 5259:42  000000000006563c  [3,16,0]   Successfully reassigned
 634 5259:42  00000000000662be  [1,18,1]   Successfully reassigned
 635 5259:42  0000000000066f67  [1,18,1]   Recovered via rewrite in-place
 636 5259:42  00000000000662bf  [1,18,1]   Successfully reassigned
 637 5259:42  00000000000662c0  [1,18,1]   Reassigned by app, has valid data
 638 5259:42  0000000000066f15  [1,18,1]   Recovered via rewrite in-place
 639 5259:42  0000000000066f6a  [3,11,0]   Successfully reassigned
 640 5259:42  000000000006561e  [1,18,1]   Recovered via rewrite in-place
 641 5259:43  000000000006563d  [3,11,0]   Successfully reassigned
 642 5259:43  000000000006564f  [3,11,0]   Successfully reassigned
 643 5259:43  0000000000065650  [3,16,0]   Successfully reassigned
 644 5259:43  0000000000065652  [3,11,0]   Successfully reassigned
 645 5259:43  00000000000662c1  [1,17,1]   Recovered via rewrite in-place
 646 5259:43  00000000000657d8  [3,11,0]   Successfully reassigned
 647 5259:43  00000000000649cd  [1,17,2]   Recovered via rewrite in-place
 648 5259:43  00000000000649fd  [3,16,0]   Successfully reassigned
 649 5259:43  0000000000064a10  [3,11,0]   Successfully reassigned
 650 5259:43  0000000000064a11  [3,11,0]   Successfully reassigned
 651 5259:43  0000000000064a19  [3,11,0]   Successfully reassigned
 652 5259:43  0000000000066281  [3,11,0]   Successfully reassigned
 653 5259:43  00000000000662af  [1,18,1]   Reassigned by app, has valid data
 654 5259:43  00000000000662aa  [3,11,0]   Successfully reassigned
 655 5259:43  00000000000662ad  [3,11,0]   Successfully reassigned
 656 5259:43  00000000000662ae  [3,11,0]   Successfully reassigned
 657 5259:43  00000000000662af  [3,11,0]   Successfully reassigned
 658 5259:43  00000000000662bd  [3,16,0]   Successfully reassigned
 659 5259:43  00000000000662c0  [3,11,0]   Successfully reassigned
 660 5259:43  00000000000662c7  [3,11,0]   Require Write or Reassign Blocks command
 661 5259:43  0000000000065643  [3,11,0]   Successfully reassigned
 662 5259:43  0000000000065644  [3,11,0]   Successfully reassigned
 663 5259:43  0000000000065645  [3,11,0]   Successfully reassigned
 664 5259:43  0000000000065646  [3,11,0]   Successfully reassigned
 665 5259:43  000000000006564d  [3,11,0]   Successfully reassigned
 666 5259:43  000000000006566a  [1,18,1]   Recovered via rewrite in-place
 667 5259:43  0000000000066f17  [3,11,0]   Successfully reassigned
 668 5259:43  0000000000066f34  [1,18,1]   Recovered via rewrite in-place
 669 5259:43  0000000000066f69  [3,11,0]   Require Write or Reassign Blocks command
 670 5259:43  0000000000066f75  [1,18,1]   Successfully reassigned
 671 5259:43  0000000000066fa1  [1,17,1]   Successfully reassigned
 >>>> log truncated, fetched 16124 of 51476 available bytes
Protocol Specific port log page for SAS SSP
relative target port id = 1
  generation code = 0
  number of phys = 1
  phy identifier = 0
    attached device type: end device
    attached reason: power on
    reason: loss of dword synchronization
    negotiated logical link rate: phy enabled; 6 Gbps
    attached initiator port: ssp=1 stp=1 smp=1
    attached target port: ssp=0 stp=0 smp=0
    SAS address = 0x5000c50083a0e3dd
    attached SAS address = 0x500605b002c89d57
    attached phy identifier = 0
    Invalid DWORD count = 0
    Running disparity error count = 0
    Loss of DWORD synchronization = 22
    Phy reset problem = 0
    Phy event descriptors:
     Invalid word count: 0
     Running disparity error count: 0
     Loss of dword synchronization count: 22
     Phy reset problem count: 0
relative target port id = 2
  generation code = 0
  number of phys = 1
  phy identifier = 1
    attached device type: no device attached
    attached reason: unknown
    reason: unknown
    negotiated logical link rate: phy enabled; unknown
    attached initiator port: ssp=0 stp=0 smp=0
    attached target port: ssp=0 stp=0 smp=0
    SAS address = 0x5000c50083a0e3de
    attached SAS address = 0x0
    attached phy identifier = 0
    Invalid DWORD count = 0
    Running disparity error count = 0
    Loss of DWORD synchronization = 0
    Phy reset problem = 0
    Phy event descriptors:
     Invalid word count: 0
     Running disparity error count: 0
     Loss of dword synchronization count: 0
     Phy reset problem count: 0
```
